[       2ms] [LOG] %c🧭 Loom Guard %c docs-log %c— route allowed ✓ %c%s color:#a78bfa;font-weight:bold color:#34d399;font-weight:bold color:#94a3b8 color:#64748b /store/overview @ http://localhost:5174/src/groups.ts:56
[      10ms] [LOG] %c🧭 Loom Guard %c docs-log %c— route allowed ✓ %c%s color:#a78bfa;font-weight:bold color:#34d399;font-weight:bold color:#94a3b8 color:#64748b /store/overview @ http://localhost:5174/src/groups.ts:56
[   30342ms] [LOG] %c🧭 Loom Guard %c docs-log %c— route allowed ✓ %c%s color:#a78bfa;font-weight:bold color:#34d399;font-weight:bold color:#94a3b8 color:#64748b /element/timing @ http://localhost:5174/src/groups.ts:56
[   30358ms] [LOG] %c🧭 Loom Guard %c docs-log %c— route allowed ✓ %c%s color:#a78bfa;font-weight:bold color:#34d399;font-weight:bold color:#94a3b8 color:#64748b /element/timing @ http://localhost:5174/src/groups.ts:56
[   30663ms] [LOG] %c🧭 Loom Guard %c docs-log %c— route allowed ✓ %c%s color:#a78bfa;font-weight:bold color:#34d399;font-weight:bold color:#94a3b8 color:#64748b /element/css @ http://localhost:5174/src/groups.ts:56
[   30669ms] [LOG] %c🧭 Loom Guard %c docs-log %c— route allowed ✓ %c%s color:#a78bfa;font-weight:bold color:#34d399;font-weight:bold color:#94a3b8 color:#64748b /element/css @ http://localhost:5174/src/groups.ts:56
[   30983ms] [LOG] %c🧭 Loom Guard %c docs-log %c— route allowed ✓ %c%s color:#a78bfa;font-weight:bold color:#34d399;font-weight:bold color:#94a3b8 color:#64748b /element/queries @ http://localhost:5174/src/groups.ts:56
[   30989ms] [LOG] %c🧭 Loom Guard %c docs-log %c— route allowed ✓ %c%s color:#a78bfa;font-weight:bold color:#34d399;font-weight:bold color:#94a3b8 color:#64748b /element/queries @ http://localhost:5174/src/groups.ts:56
[   31304ms] [LOG] %c🧭 Loom Guard %c docs-log %c— route allowed ✓ %c%s color:#a78bfa;font-weight:bold color:#34d399;font-weight:bold color:#94a3b8 color:#64748b /decorators/events @ http://localhost:5174/src/groups.ts:56
[   31311ms] [LOG] %c🧭 Loom Guard %c docs-log %c— route allowed ✓ %c%s color:#a78bfa;font-weight:bold color:#34d399;font-weight:bold color:#94a3b8 color:#64748b /decorators/events @ http://localhost:5174/src/groups.ts:56
[   31624ms] [LOG] %c🧭 Loom Guard %c docs-log %c— route allowed ✓ %c%s color:#a78bfa;font-weight:bold color:#34d399;font-weight:bold color:#94a3b8 color:#64748b /decorators/dnd @ http://localhost:5174/src/groups.ts:56
[   31631ms] [LOG] %c🧭 Loom Guard %c docs-log %c— route allowed ✓ %c%s color:#a78bfa;font-weight:bold color:#34d399;font-weight:bold color:#94a3b8 color:#64748b /decorators/dnd @ http://localhost:5174/src/groups.ts:56
[   31944ms] [LOG] %c🧭 Loom Guard %c docs-log %c— route allowed ✓ %c%s color:#a78bfa;font-weight:bold color:#34d399;font-weight:bold color:#94a3b8 color:#64748b /store/signals @ http://localhost:5174/src/groups.ts:56
[   31950ms] [LOG] %c🧭 Loom Guard %c docs-log %c— route allowed ✓ %c%s color:#a78bfa;font-weight:bold color:#34d399;font-weight:bold color:#94a3b8 color:#64748b /store/signals @ http://localhost:5174/src/groups.ts:56
[   32265ms] [LOG] %c🧭 Loom Guard %c docs-log %c— route allowed ✓ %c%s color:#a78bfa;font-weight:bold color:#34d399;font-weight:bold color:#94a3b8 color:#64748b /store/storage @ http://localhost:5174/src/groups.ts:56
[   32271ms] [LOG] %c🧭 Loom Guard %c docs-log %c— route allowed ✓ %c%s color:#a78bfa;font-weight:bold color:#34d399;font-weight:bold color:#94a3b8 color:#64748b /store/storage @ http://localhost:5174/src/groups.ts:56
[   32585ms] [LOG] %c🧭 Loom Guard %c docs-log %c— route allowed ✓ %c%s color:#a78bfa;font-weight:bold color:#34d399;font-weight:bold color:#94a3b8 color:#64748b /router/guards @ http://localhost:5174/src/groups.ts:56
[   32591ms] [LOG] %c🧭 Loom Guard %c docs-log %c— route allowed ✓ %c%s color:#a78bfa;font-weight:bold color:#34d399;font-weight:bold color:#94a3b8 color:#64748b /router/guards @ http://localhost:5174/src/groups.ts:56
[   32906ms] [LOG] %c🧭 Loom Guard %c docs-log %c— route allowed ✓ %c%s color:#a78bfa;font-weight:bold color:#34d399;font-weight:bold color:#94a3b8 color:#64748b /router/routes @ http://localhost:5174/src/groups.ts:56
[   32912ms] [LOG] %c🧭 Loom Guard %c docs-log %c— route allowed ✓ %c%s color:#a78bfa;font-weight:bold color:#34d399;font-weight:bold color:#94a3b8 color:#64748b /router/routes @ http://localhost:5174/src/groups.ts:56
[   33226ms] [LOG] %c🧭 Loom Guard %c docs-log %c— route allowed ✓ %c%s color:#a78bfa;font-weight:bold color:#34d399;font-weight:bold color:#94a3b8 color:#64748b /di/decorators @ http://localhost:5174/src/groups.ts:56
[   33232ms] [LOG] %c🧭 Loom Guard %c docs-log %c— route allowed ✓ %c%s color:#a78bfa;font-weight:bold color:#34d399;font-weight:bold color:#94a3b8 color:#64748b /di/decorators @ http://localhost:5174/src/groups.ts:56
[   33546ms] [LOG] %c🧭 Loom Guard %c docs-log %c— route allowed ✓ %c%s color:#a78bfa;font-weight:bold color:#34d399;font-weight:bold color:#94a3b8 color:#64748b /packages/rpc-overview @ http://localhost:5174/src/groups.ts:56
[   33553ms] [LOG] %c🧭 Loom Guard %c docs-log %c— route allowed ✓ %c%s color:#a78bfa;font-weight:bold color:#34d399;font-weight:bold color:#94a3b8 color:#64748b /packages/rpc-overview @ http://localhost:5174/src/groups.ts:56
[   33867ms] [LOG] %c🧭 Loom Guard %c docs-log %c— route allowed ✓ %c%s color:#a78bfa;font-weight:bold color:#34d399;font-weight:bold color:#94a3b8 color:#64748b /packages/rpc-streams @ http://localhost:5174/src/groups.ts:56
[   33875ms] [LOG] %c🧭 Loom Guard %c docs-log %c— route allowed ✓ %c%s color:#a78bfa;font-weight:bold color:#34d399;font-weight:bold color:#94a3b8 color:#64748b /packages/rpc-streams @ http://localhost:5174/src/groups.ts:56
[   34187ms] [LOG] %c🧭 Loom Guard %c docs-log %c— route allowed ✓ %c%s color:#a78bfa;font-weight:bold color:#34d399;font-weight:bold color:#94a3b8 color:#64748b /examples/todo @ http://localhost:5174/src/groups.ts:56
[   34194ms] [LOG] %c🧭 Loom Guard %c docs-log %c— route allowed ✓ %c%s color:#a78bfa;font-weight:bold color:#34d399;font-weight:bold color:#94a3b8 color:#64748b /examples/todo @ http://localhost:5174/src/groups.ts:56
[   34508ms] [LOG] %c🧭 Loom Guard %c docs-log %c— route allowed ✓ %c%s color:#a78bfa;font-weight:bold color:#34d399;font-weight:bold color:#94a3b8 color:#64748b /examples/kanban @ http://localhost:5174/src/groups.ts:56
[   34515ms] [LOG] %c🧭 Loom Guard %c docs-log %c— route allowed ✓ %c%s color:#a78bfa;font-weight:bold color:#34d399;font-weight:bold color:#94a3b8 color:#64748b /examples/kanban @ http://localhost:5174/src/groups.ts:56
[   35789ms] [LOG] %c🧭 Loom Guard %c docs-log %c— route allowed ✓ %c%s color:#a78bfa;font-weight:bold color:#34d399;font-weight:bold color:#94a3b8 color:#64748b /element/icon @ http://localhost:5174/src/groups.ts:56
[   35795ms] [LOG] %c🧭 Loom Guard %c docs-log %c— route allowed ✓ %c%s color:#a78bfa;font-weight:bold color:#34d399;font-weight:bold color:#94a3b8 color:#64748b /element/icon @ http://localhost:5174/src/groups.ts:56
[   36109ms] [LOG] %c🧭 Loom Guard %c docs-log %c— route allowed ✓ %c%s color:#a78bfa;font-weight:bold color:#34d399;font-weight:bold color:#94a3b8 color:#64748b /element/image @ http://localhost:5174/src/groups.ts:56
[   36115ms] [LOG] %c🧭 Loom Guard %c docs-log %c— route allowed ✓ %c%s color:#a78bfa;font-weight:bold color:#34d399;font-weight:bold color:#94a3b8 color:#64748b /element/image @ http://localhost:5174/src/groups.ts:56
[   36430ms] [LOG] %c🧭 Loom Guard %c docs-log %c— route allowed ✓ %c%s color:#a78bfa;font-weight:bold color:#34d399;font-weight:bold color:#94a3b8 color:#64748b /element/lifecycle @ http://localhost:5174/src/groups.ts:56
[   36436ms] [LOG] %c🧭 Loom Guard %c docs-log %c— route allowed ✓ %c%s color:#a78bfa;font-weight:bold color:#34d399;font-weight:bold color:#94a3b8 color:#64748b /element/lifecycle @ http://localhost:5174/src/groups.ts:56
[  207344ms] [LOG] %c🧭 Loom Guard %c docs-log %c— route allowed ✓ %c%s color:#a78bfa;font-weight:bold color:#34d399;font-weight:bold color:#94a3b8 color:#64748b /element/lifecycle @ http://localhost:5174/src/groups.ts:56
[  240631ms] [LOG] %c🧭 Loom Guard %c docs-log %c— route allowed ✓ %c%s color:#a78bfa;font-weight:bold color:#34d399;font-weight:bold color:#94a3b8 color:#64748b /element/lifecycle @ http://localhost:5174/src/groups.ts:56
[  275014ms] [LOG] %c🧭 Loom Guard %c docs-log %c— route allowed ✓ %c%s color:#a78bfa;font-weight:bold color:#34d399;font-weight:bold color:#94a3b8 color:#64748b /element/lifecycle @ http://localhost:5174/src/groups.ts:56
[  415411ms] [LOG] %c🧭 Loom Guard %c docs-log %c— route allowed ✓ %c%s color:#a78bfa;font-weight:bold color:#34d399;font-weight:bold color:#94a3b8 color:#64748b /element/lifecycle @ http://localhost:5174/src/groups.ts:56
[  483076ms] [LOG] %c🧭 Loom Guard %c docs-log %c— route allowed ✓ %c%s color:#a78bfa;font-weight:bold color:#34d399;font-weight:bold color:#94a3b8 color:#64748b /element/lifecycle @ http://localhost:5174/src/groups.ts:56
[  504374ms] [LOG] %c🧭 Loom Guard %c docs-log %c— route allowed ✓ %c%s color:#a78bfa;font-weight:bold color:#34d399;font-weight:bold color:#94a3b8 color:#64748b /element/lifecycle @ http://localhost:5174/src/groups.ts:56
