[       3ms] [LOG] %c🧭 Loom Guard %c docs-log %c— route allowed ✓ %c%s color:#a78bfa;font-weight:bold color:#34d399;font-weight:bold color:#94a3b8 color:#64748b /store/signals @ http://localhost:5174/src/groups.ts:56
[      10ms] [LOG] %c🧭 Loom Guard %c docs-log %c— route allowed ✓ %c%s color:#a78bfa;font-weight:bold color:#34d399;font-weight:bold color:#94a3b8 color:#64748b /store/signals @ http://localhost:5174/src/groups.ts:56
[   32577ms] [LOG] %c🧭 Loom Guard %c docs-log %c— route allowed ✓ %c%s color:#a78bfa;font-weight:bold color:#34d399;font-weight:bold color:#94a3b8 color:#64748b /element/overview @ http://localhost:5174/src/groups.ts:56
[   32582ms] [LOG] %c🧭 Loom Guard %c docs-log %c— route allowed ✓ %c%s color:#a78bfa;font-weight:bold color:#34d399;font-weight:bold color:#94a3b8 color:#64748b /element/overview @ http://localhost:5174/src/groups.ts:56
[   32747ms] [LOG] %c🧭 Loom Guard %c docs-log %c— route allowed ✓ %c%s color:#a78bfa;font-weight:bold color:#34d399;font-weight:bold color:#94a3b8 color:#64748b /element/lifecycle @ http://localhost:5174/src/groups.ts:56
[   32761ms] [LOG] %c🧭 Loom Guard %c docs-log %c— route allowed ✓ %c%s color:#a78bfa;font-weight:bold color:#34d399;font-weight:bold color:#94a3b8 color:#64748b /element/lifecycle @ http://localhost:5174/src/groups.ts:56
[   32918ms] [LOG] %c🧭 Loom Guard %c docs-log %c— route allowed ✓ %c%s color:#a78bfa;font-weight:bold color:#34d399;font-weight:bold color:#94a3b8 color:#64748b /element/timing @ http://localhost:5174/src/groups.ts:56
[   32924ms] [LOG] %c🧭 Loom Guard %c docs-log %c— route allowed ✓ %c%s color:#a78bfa;font-weight:bold color:#34d399;font-weight:bold color:#94a3b8 color:#64748b /element/timing @ http://localhost:5174/src/groups.ts:56
[   33089ms] [LOG] %c🧭 Loom Guard %c docs-log %c— route allowed ✓ %c%s color:#a78bfa;font-weight:bold color:#34d399;font-weight:bold color:#94a3b8 color:#64748b /element/css @ http://localhost:5174/src/groups.ts:56
[   33095ms] [LOG] %c🧭 Loom Guard %c docs-log %c— route allowed ✓ %c%s color:#a78bfa;font-weight:bold color:#34d399;font-weight:bold color:#94a3b8 color:#64748b /element/css @ http://localhost:5174/src/groups.ts:56
[   33260ms] [LOG] %c🧭 Loom Guard %c docs-log %c— route allowed ✓ %c%s color:#a78bfa;font-weight:bold color:#34d399;font-weight:bold color:#94a3b8 color:#64748b /element/queries @ http://localhost:5174/src/groups.ts:56
[   33266ms] [LOG] %c🧭 Loom Guard %c docs-log %c— route allowed ✓ %c%s color:#a78bfa;font-weight:bold color:#34d399;font-weight:bold color:#94a3b8 color:#64748b /element/queries @ http://localhost:5174/src/groups.ts:56
[   33430ms] [LOG] %c🧭 Loom Guard %c docs-log %c— route allowed ✓ %c%s color:#a78bfa;font-weight:bold color:#34d399;font-weight:bold color:#94a3b8 color:#64748b /element/jsx @ http://localhost:5174/src/groups.ts:56
[   33436ms] [LOG] %c🧭 Loom Guard %c docs-log %c— route allowed ✓ %c%s color:#a78bfa;font-weight:bold color:#34d399;font-weight:bold color:#94a3b8 color:#64748b /element/jsx @ http://localhost:5174/src/groups.ts:56
[   33601ms] [LOG] %c🧭 Loom Guard %c docs-log %c— route allowed ✓ %c%s color:#a78bfa;font-weight:bold color:#34d399;font-weight:bold color:#94a3b8 color:#64748b /element/decorators @ http://localhost:5174/src/groups.ts:56
[   33607ms] [LOG] %c🧭 Loom Guard %c docs-log %c— route allowed ✓ %c%s color:#a78bfa;font-weight:bold color:#34d399;font-weight:bold color:#94a3b8 color:#64748b /element/decorators @ http://localhost:5174/src/groups.ts:56
[   33772ms] [LOG] %c🧭 Loom Guard %c docs-log %c— route allowed ✓ %c%s color:#a78bfa;font-weight:bold color:#34d399;font-weight:bold color:#94a3b8 color:#64748b /element/attributes @ http://localhost:5174/src/groups.ts:56
[   33778ms] [LOG] %c🧭 Loom Guard %c docs-log %c— route allowed ✓ %c%s color:#a78bfa;font-weight:bold color:#34d399;font-weight:bold color:#94a3b8 color:#64748b /element/attributes @ http://localhost:5174/src/groups.ts:56
[   33942ms] [LOG] %c🧭 Loom Guard %c docs-log %c— route allowed ✓ %c%s color:#a78bfa;font-weight:bold color:#34d399;font-weight:bold color:#94a3b8 color:#64748b /element/light-dom @ http://localhost:5174/src/groups.ts:56
[   33948ms] [LOG] %c🧭 Loom Guard %c docs-log %c— route allowed ✓ %c%s color:#a78bfa;font-weight:bold color:#34d399;font-weight:bold color:#94a3b8 color:#64748b /element/light-dom @ http://localhost:5174/src/groups.ts:56
[   34113ms] [LOG] %c🧭 Loom Guard %c docs-log %c— route allowed ✓ %c%s color:#a78bfa;font-weight:bold color:#34d399;font-weight:bold color:#94a3b8 color:#64748b /element/lazy @ http://localhost:5174/src/groups.ts:56
[   34118ms] [LOG] %c🧭 Loom Guard %c docs-log %c— route allowed ✓ %c%s color:#a78bfa;font-weight:bold color:#34d399;font-weight:bold color:#94a3b8 color:#64748b /element/lazy @ http://localhost:5174/src/groups.ts:56
[   34284ms] [LOG] %c🧭 Loom Guard %c docs-log %c— route allowed ✓ %c%s color:#a78bfa;font-weight:bold color:#34d399;font-weight:bold color:#94a3b8 color:#64748b /element/observer @ http://localhost:5174/src/groups.ts:56
[   34291ms] [LOG] %c🧭 Loom Guard %c docs-log %c— route allowed ✓ %c%s color:#a78bfa;font-weight:bold color:#34d399;font-weight:bold color:#94a3b8 color:#64748b /element/observer @ http://localhost:5174/src/groups.ts:56
[   34454ms] [LOG] %c🧭 Loom Guard %c docs-log %c— route allowed ✓ %c%s color:#a78bfa;font-weight:bold color:#34d399;font-weight:bold color:#94a3b8 color:#64748b /element/forms @ http://localhost:5174/src/groups.ts:56
[   34460ms] [LOG] %c🧭 Loom Guard %c docs-log %c— route allowed ✓ %c%s color:#a78bfa;font-weight:bold color:#34d399;font-weight:bold color:#94a3b8 color:#64748b /element/forms @ http://localhost:5174/src/groups.ts:56
[   34625ms] [LOG] %c🧭 Loom Guard %c docs-log %c— route allowed ✓ %c%s color:#a78bfa;font-weight:bold color:#34d399;font-weight:bold color:#94a3b8 color:#64748b /store/api @ http://localhost:5174/src/groups.ts:56
[   34631ms] [LOG] %c🧭 Loom Guard %c docs-log %c— route allowed ✓ %c%s color:#a78bfa;font-weight:bold color:#34d399;font-weight:bold color:#94a3b8 color:#64748b /store/api @ http://localhost:5174/src/groups.ts:56
[   34795ms] [LOG] %c🧭 Loom Guard %c docs-log %c— route allowed ✓ %c%s color:#a78bfa;font-weight:bold color:#34d399;font-weight:bold color:#94a3b8 color:#64748b /element/virtual-list @ http://localhost:5174/src/groups.ts:56
[   34801ms] [LOG] %c🧭 Loom Guard %c docs-log %c— route allowed ✓ %c%s color:#a78bfa;font-weight:bold color:#34d399;font-weight:bold color:#94a3b8 color:#64748b /element/virtual-list @ http://localhost:5174/src/groups.ts:56
[   34966ms] [LOG] %c🧭 Loom Guard %c docs-log %c— route allowed ✓ %c%s color:#a78bfa;font-weight:bold color:#34d399;font-weight:bold color:#94a3b8 color:#64748b /element/icon @ http://localhost:5174/src/groups.ts:56
[   34973ms] [LOG] %c🧭 Loom Guard %c docs-log %c— route allowed ✓ %c%s color:#a78bfa;font-weight:bold color:#34d399;font-weight:bold color:#94a3b8 color:#64748b /element/icon @ http://localhost:5174/src/groups.ts:56
[   35136ms] [LOG] %c🧭 Loom Guard %c docs-log %c— route allowed ✓ %c%s color:#a78bfa;font-weight:bold color:#34d399;font-weight:bold color:#94a3b8 color:#64748b /element/canvas @ http://localhost:5174/src/groups.ts:56
[   35143ms] [LOG] %c🧭 Loom Guard %c docs-log %c— route allowed ✓ %c%s color:#a78bfa;font-weight:bold color:#34d399;font-weight:bold color:#94a3b8 color:#64748b /element/canvas @ http://localhost:5174/src/groups.ts:56
[   35307ms] [LOG] %c🧭 Loom Guard %c docs-log %c— route allowed ✓ %c%s color:#a78bfa;font-weight:bold color:#34d399;font-weight:bold color:#94a3b8 color:#64748b /element/image @ http://localhost:5174/src/groups.ts:56
[   35313ms] [LOG] %c🧭 Loom Guard %c docs-log %c— route allowed ✓ %c%s color:#a78bfa;font-weight:bold color:#34d399;font-weight:bold color:#94a3b8 color:#64748b /element/image @ http://localhost:5174/src/groups.ts:56
[   35478ms] [LOG] %c🧭 Loom Guard %c docs-log %c— route allowed ✓ %c%s color:#a78bfa;font-weight:bold color:#34d399;font-weight:bold color:#94a3b8 color:#64748b /decorators/overview @ http://localhost:5174/src/groups.ts:56
[   35484ms] [LOG] %c🧭 Loom Guard %c docs-log %c— route allowed ✓ %c%s color:#a78bfa;font-weight:bold color:#34d399;font-weight:bold color:#94a3b8 color:#64748b /decorators/overview @ http://localhost:5174/src/groups.ts:56
[   35648ms] [LOG] %c🧭 Loom Guard %c docs-log %c— route allowed ✓ %c%s color:#a78bfa;font-weight:bold color:#34d399;font-weight:bold color:#94a3b8 color:#64748b /decorators/events @ http://localhost:5174/src/groups.ts:56
[   35664ms] [LOG] %c🧭 Loom Guard %c docs-log %c— route allowed ✓ %c%s color:#a78bfa;font-weight:bold color:#34d399;font-weight:bold color:#94a3b8 color:#64748b /decorators/events @ http://localhost:5174/src/groups.ts:56
[   35819ms] [LOG] %c🧭 Loom Guard %c docs-log %c— route allowed ✓ %c%s color:#a78bfa;font-weight:bold color:#34d399;font-weight:bold color:#94a3b8 color:#64748b /decorators/transform @ http://localhost:5174/src/groups.ts:56
[   35826ms] [LOG] %c🧭 Loom Guard %c docs-log %c— route allowed ✓ %c%s color:#a78bfa;font-weight:bold color:#34d399;font-weight:bold color:#94a3b8 color:#64748b /decorators/transform @ http://localhost:5174/src/groups.ts:56
[   35990ms] [LOG] %c🧭 Loom Guard %c docs-log %c— route allowed ✓ %c%s color:#a78bfa;font-weight:bold color:#34d399;font-weight:bold color:#94a3b8 color:#64748b /decorators/hotkey @ http://localhost:5174/src/groups.ts:56
[   35995ms] [LOG] %c🧭 Loom Guard %c docs-log %c— route allowed ✓ %c%s color:#a78bfa;font-weight:bold color:#34d399;font-weight:bold color:#94a3b8 color:#64748b /decorators/hotkey @ http://localhost:5174/src/groups.ts:56
[   36160ms] [LOG] %c🧭 Loom Guard %c docs-log %c— route allowed ✓ %c%s color:#a78bfa;font-weight:bold color:#34d399;font-weight:bold color:#94a3b8 color:#64748b /decorators/log @ http://localhost:5174/src/groups.ts:56
[   36165ms] [LOG] %c🧭 Loom Guard %c docs-log %c— route allowed ✓ %c%s color:#a78bfa;font-weight:bold color:#34d399;font-weight:bold color:#94a3b8 color:#64748b /decorators/log @ http://localhost:5174/src/groups.ts:56
[   36331ms] [LOG] %c🧭 Loom Guard %c docs-log %c— route allowed ✓ %c%s color:#a78bfa;font-weight:bold color:#34d399;font-weight:bold color:#94a3b8 color:#64748b /decorators/context @ http://localhost:5174/src/groups.ts:56
[   36337ms] [LOG] %c🧭 Loom Guard %c docs-log %c— route allowed ✓ %c%s color:#a78bfa;font-weight:bold color:#34d399;font-weight:bold color:#94a3b8 color:#64748b /decorators/context @ http://localhost:5174/src/groups.ts:56
[   36502ms] [LOG] %c🧭 Loom Guard %c docs-log %c— route allowed ✓ %c%s color:#a78bfa;font-weight:bold color:#34d399;font-weight:bold color:#94a3b8 color:#64748b /decorators/portal @ http://localhost:5174/src/groups.ts:56
[   36508ms] [LOG] %c🧭 Loom Guard %c docs-log %c— route allowed ✓ %c%s color:#a78bfa;font-weight:bold color:#34d399;font-weight:bold color:#94a3b8 color:#64748b /decorators/portal @ http://localhost:5174/src/groups.ts:56
[   36672ms] [LOG] %c🧭 Loom Guard %c docs-log %c— route allowed ✓ %c%s color:#a78bfa;font-weight:bold color:#34d399;font-weight:bold color:#94a3b8 color:#64748b /decorators/symbols @ http://localhost:5174/src/groups.ts:56
[   36678ms] [LOG] %c🧭 Loom Guard %c docs-log %c— route allowed ✓ %c%s color:#a78bfa;font-weight:bold color:#34d399;font-weight:bold color:#94a3b8 color:#64748b /decorators/symbols @ http://localhost:5174/src/groups.ts:56
[   36843ms] [LOG] %c🧭 Loom Guard %c docs-log %c— route allowed ✓ %c%s color:#a78bfa;font-weight:bold color:#34d399;font-weight:bold color:#94a3b8 color:#64748b /decorators/media @ http://localhost:5174/src/groups.ts:56
[   36848ms] [LOG] %c🧭 Loom Guard %c docs-log %c— route allowed ✓ %c%s color:#a78bfa;font-weight:bold color:#34d399;font-weight:bold color:#94a3b8 color:#64748b /decorators/media @ http://localhost:5174/src/groups.ts:56
[   37014ms] [LOG] %c🧭 Loom Guard %c docs-log %c— route allowed ✓ %c%s color:#a78bfa;font-weight:bold color:#34d399;font-weight:bold color:#94a3b8 color:#64748b /decorators/fullscreen @ http://localhost:5174/src/groups.ts:56
[   37019ms] [LOG] %c🧭 Loom Guard %c docs-log %c— route allowed ✓ %c%s color:#a78bfa;font-weight:bold color:#34d399;font-weight:bold color:#94a3b8 color:#64748b /decorators/fullscreen @ http://localhost:5174/src/groups.ts:56
[   37184ms] [LOG] %c🧭 Loom Guard %c docs-log %c— route allowed ✓ %c%s color:#a78bfa;font-weight:bold color:#34d399;font-weight:bold color:#94a3b8 color:#64748b /decorators/clipboard @ http://localhost:5174/src/groups.ts:56
[   37189ms] [LOG] %c🧭 Loom Guard %c docs-log %c— route allowed ✓ %c%s color:#a78bfa;font-weight:bold color:#34d399;font-weight:bold color:#94a3b8 color:#64748b /decorators/clipboard @ http://localhost:5174/src/groups.ts:56
[   37355ms] [LOG] %c🧭 Loom Guard %c docs-log %c— route allowed ✓ %c%s color:#a78bfa;font-weight:bold color:#34d399;font-weight:bold color:#94a3b8 color:#64748b /decorators/dnd @ http://localhost:5174/src/groups.ts:56
[   37359ms] [LOG] %c🧭 Loom Guard %c docs-log %c— route allowed ✓ %c%s color:#a78bfa;font-weight:bold color:#34d399;font-weight:bold color:#94a3b8 color:#64748b /decorators/dnd @ http://localhost:5174/src/groups.ts:56
[   37525ms] [LOG] %c🧭 Loom Guard %c docs-log %c— route allowed ✓ %c%s color:#a78bfa;font-weight:bold color:#34d399;font-weight:bold color:#94a3b8 color:#64748b /decorators/css @ http://localhost:5174/src/groups.ts:56
[   37530ms] [LOG] %c🧭 Loom Guard %c docs-log %c— route allowed ✓ %c%s color:#a78bfa;font-weight:bold color:#34d399;font-weight:bold color:#94a3b8 color:#64748b /decorators/css @ http://localhost:5174/src/groups.ts:56
[   37696ms] [LOG] %c🧭 Loom Guard %c docs-log %c— route allowed ✓ %c%s color:#a78bfa;font-weight:bold color:#34d399;font-weight:bold color:#94a3b8 color:#64748b /store/overview @ http://localhost:5174/src/groups.ts:56
[   37701ms] [LOG] %c🧭 Loom Guard %c docs-log %c— route allowed ✓ %c%s color:#a78bfa;font-weight:bold color:#34d399;font-weight:bold color:#94a3b8 color:#64748b /store/overview @ http://localhost:5174/src/groups.ts:56
[   37866ms] [LOG] %c🧭 Loom Guard %c docs-log %c— route allowed ✓ %c%s color:#a78bfa;font-weight:bold color:#34d399;font-weight:bold color:#94a3b8 color:#64748b /store/reactive @ http://localhost:5174/src/groups.ts:56
[   37871ms] [LOG] %c🧭 Loom Guard %c docs-log %c— route allowed ✓ %c%s color:#a78bfa;font-weight:bold color:#34d399;font-weight:bold color:#94a3b8 color:#64748b /store/reactive @ http://localhost:5174/src/groups.ts:56
[   38037ms] [LOG] %c🧭 Loom Guard %c docs-log %c— route allowed ✓ %c%s color:#a78bfa;font-weight:bold color:#34d399;font-weight:bold color:#94a3b8 color:#64748b /store/store-decorator @ http://localhost:5174/src/groups.ts:56
[   38045ms] [LOG] %c🧭 Loom Guard %c docs-log %c— route allowed ✓ %c%s color:#a78bfa;font-weight:bold color:#34d399;font-weight:bold color:#94a3b8 color:#64748b /store/store-decorator @ http://localhost:5174/src/groups.ts:56
[   38207ms] [LOG] %c🧭 Loom Guard %c docs-log %c— route allowed ✓ %c%s color:#a78bfa;font-weight:bold color:#34d399;font-weight:bold color:#94a3b8 color:#64748b /store/storage @ http://localhost:5174/src/groups.ts:56
[   38213ms] [LOG] %c🧭 Loom Guard %c docs-log %c— route allowed ✓ %c%s color:#a78bfa;font-weight:bold color:#34d399;font-weight:bold color:#94a3b8 color:#64748b /store/storage @ http://localhost:5174/src/groups.ts:56
[   38378ms] [LOG] %c🧭 Loom Guard %c docs-log %c— route allowed ✓ %c%s color:#a78bfa;font-weight:bold color:#34d399;font-weight:bold color:#94a3b8 color:#64748b /store/patterns @ http://localhost:5174/src/groups.ts:56
[   38383ms] [LOG] %c🧭 Loom Guard %c docs-log %c— route allowed ✓ %c%s color:#a78bfa;font-weight:bold color:#34d399;font-weight:bold color:#94a3b8 color:#64748b /store/patterns @ http://localhost:5174/src/groups.ts:56
[   38549ms] [LOG] %c🧭 Loom Guard %c docs-log %c— route allowed ✓ %c%s color:#a78bfa;font-weight:bold color:#34d399;font-weight:bold color:#94a3b8 color:#64748b /store/signals @ http://localhost:5174/src/groups.ts:56
[   38558ms] [LOG] %c🧭 Loom Guard %c docs-log %c— route allowed ✓ %c%s color:#a78bfa;font-weight:bold color:#34d399;font-weight:bold color:#94a3b8 color:#64748b /store/signals @ http://localhost:5174/src/groups.ts:56
[   38719ms] [LOG] %c🧭 Loom Guard %c docs-log %c— route allowed ✓ %c%s color:#a78bfa;font-weight:bold color:#34d399;font-weight:bold color:#94a3b8 color:#64748b /router/overview @ http://localhost:5174/src/groups.ts:56
[   38725ms] [LOG] %c🧭 Loom Guard %c docs-log %c— route allowed ✓ %c%s color:#a78bfa;font-weight:bold color:#34d399;font-weight:bold color:#94a3b8 color:#64748b /router/overview @ http://localhost:5174/src/groups.ts:56
[   38890ms] [LOG] %c🧭 Loom Guard %c docs-log %c— route allowed ✓ %c%s color:#a78bfa;font-weight:bold color:#34d399;font-weight:bold color:#94a3b8 color:#64748b /router/routes @ http://localhost:5174/src/groups.ts:56
[   38896ms] [LOG] %c🧭 Loom Guard %c docs-log %c— route allowed ✓ %c%s color:#a78bfa;font-weight:bold color:#34d399;font-weight:bold color:#94a3b8 color:#64748b /router/routes @ http://localhost:5174/src/groups.ts:56
[   39060ms] [LOG] %c🧭 Loom Guard %c docs-log %c— route allowed ✓ %c%s color:#a78bfa;font-weight:bold color:#34d399;font-weight:bold color:#94a3b8 color:#64748b /router/route-data @ http://localhost:5174/src/groups.ts:56
[   39066ms] [LOG] %c🧭 Loom Guard %c docs-log %c— route allowed ✓ %c%s color:#a78bfa;font-weight:bold color:#34d399;font-weight:bold color:#94a3b8 color:#64748b /router/route-data @ http://localhost:5174/src/groups.ts:56
[   39231ms] [LOG] %c🧭 Loom Guard %c docs-log %c— route allowed ✓ %c%s color:#a78bfa;font-weight:bold color:#34d399;font-weight:bold color:#94a3b8 color:#64748b /router/groups @ http://localhost:5174/src/groups.ts:56
[   39237ms] [LOG] %c🧭 Loom Guard %c docs-log %c— route allowed ✓ %c%s color:#a78bfa;font-weight:bold color:#34d399;font-weight:bold color:#94a3b8 color:#64748b /router/groups @ http://localhost:5174/src/groups.ts:56
[   39402ms] [LOG] %c🧭 Loom Guard %c docs-log %c— route allowed ✓ %c%s color:#a78bfa;font-weight:bold color:#34d399;font-weight:bold color:#94a3b8 color:#64748b /router/guards @ http://localhost:5174/src/groups.ts:56
[   39407ms] [LOG] %c🧭 Loom Guard %c docs-log %c— route allowed ✓ %c%s color:#a78bfa;font-weight:bold color:#34d399;font-weight:bold color:#94a3b8 color:#64748b /router/guards @ http://localhost:5174/src/groups.ts:56
[   39572ms] [LOG] %c🧭 Loom Guard %c docs-log %c— route allowed ✓ %c%s color:#a78bfa;font-weight:bold color:#34d399;font-weight:bold color:#94a3b8 color:#64748b /router/navigation @ http://localhost:5174/src/groups.ts:56
[   39577ms] [LOG] %c🧭 Loom Guard %c docs-log %c— route allowed ✓ %c%s color:#a78bfa;font-weight:bold color:#34d399;font-weight:bold color:#94a3b8 color:#64748b /router/navigation @ http://localhost:5174/src/groups.ts:56
[   39743ms] [LOG] %c🧭 Loom Guard %c docs-log %c— route allowed ✓ %c%s color:#a78bfa;font-weight:bold color:#34d399;font-weight:bold color:#94a3b8 color:#64748b /router/route-lifecycle @ http://localhost:5174/src/groups.ts:56
[   39747ms] [LOG] %c🧭 Loom Guard %c docs-log %c— route allowed ✓ %c%s color:#a78bfa;font-weight:bold color:#34d399;font-weight:bold color:#94a3b8 color:#64748b /router/route-lifecycle @ http://localhost:5174/src/groups.ts:56
[   39913ms] [LOG] %c🧭 Loom Guard %c docs-log %c— route allowed ✓ %c%s color:#a78bfa;font-weight:bold color:#34d399;font-weight:bold color:#94a3b8 color:#64748b /router/decorators @ http://localhost:5174/src/groups.ts:56
[   39917ms] [LOG] %c🧭 Loom Guard %c docs-log %c— route allowed ✓ %c%s color:#a78bfa;font-weight:bold color:#34d399;font-weight:bold color:#94a3b8 color:#64748b /router/decorators @ http://localhost:5174/src/groups.ts:56
[   40084ms] [LOG] %c🧭 Loom Guard %c docs-log %c— route allowed ✓ %c%s color:#a78bfa;font-weight:bold color:#34d399;font-weight:bold color:#94a3b8 color:#64748b /di/overview @ http://localhost:5174/src/groups.ts:56
[   40089ms] [LOG] %c🧭 Loom Guard %c docs-log %c— route allowed ✓ %c%s color:#a78bfa;font-weight:bold color:#34d399;font-weight:bold color:#94a3b8 color:#64748b /di/overview @ http://localhost:5174/src/groups.ts:56
[   40254ms] [LOG] %c🧭 Loom Guard %c docs-log %c— route allowed ✓ %c%s color:#a78bfa;font-weight:bold color:#34d399;font-weight:bold color:#94a3b8 color:#64748b /di/decorators @ http://localhost:5174/src/groups.ts:56
[   40260ms] [LOG] %c🧭 Loom Guard %c docs-log %c— route allowed ✓ %c%s color:#a78bfa;font-weight:bold color:#34d399;font-weight:bold color:#94a3b8 color:#64748b /di/decorators @ http://localhost:5174/src/groups.ts:56
[   40425ms] [LOG] %c🧭 Loom Guard %c docs-log %c— route allowed ✓ %c%s color:#a78bfa;font-weight:bold color:#34d399;font-weight:bold color:#94a3b8 color:#64748b /packages/rpc-overview @ http://localhost:5174/src/groups.ts:56
[   40431ms] [LOG] %c🧭 Loom Guard %c docs-log %c— route allowed ✓ %c%s color:#a78bfa;font-weight:bold color:#34d399;font-weight:bold color:#94a3b8 color:#64748b /packages/rpc-overview @ http://localhost:5174/src/groups.ts:56
[   40596ms] [LOG] %c🧭 Loom Guard %c docs-log %c— route allowed ✓ %c%s color:#a78bfa;font-weight:bold color:#34d399;font-weight:bold color:#94a3b8 color:#64748b /packages/rpc-queries @ http://localhost:5174/src/groups.ts:56
[   40601ms] [LOG] %c🧭 Loom Guard %c docs-log %c— route allowed ✓ %c%s color:#a78bfa;font-weight:bold color:#34d399;font-weight:bold color:#94a3b8 color:#64748b /packages/rpc-queries @ http://localhost:5174/src/groups.ts:56
[   40766ms] [LOG] %c🧭 Loom Guard %c docs-log %c— route allowed ✓ %c%s color:#a78bfa;font-weight:bold color:#34d399;font-weight:bold color:#94a3b8 color:#64748b /packages/rpc-mutations @ http://localhost:5174/src/groups.ts:56
[   40772ms] [LOG] %c🧭 Loom Guard %c docs-log %c— route allowed ✓ %c%s color:#a78bfa;font-weight:bold color:#34d399;font-weight:bold color:#94a3b8 color:#64748b /packages/rpc-mutations @ http://localhost:5174/src/groups.ts:56
[   40937ms] [LOG] %c🧭 Loom Guard %c docs-log %c— route allowed ✓ %c%s color:#a78bfa;font-weight:bold color:#34d399;font-weight:bold color:#94a3b8 color:#64748b /packages/rpc-transports @ http://localhost:5174/src/groups.ts:56
[   40943ms] [LOG] %c🧭 Loom Guard %c docs-log %c— route allowed ✓ %c%s color:#a78bfa;font-weight:bold color:#34d399;font-weight:bold color:#94a3b8 color:#64748b /packages/rpc-transports @ http://localhost:5174/src/groups.ts:56
[   41107ms] [LOG] %c🧭 Loom Guard %c docs-log %c— route allowed ✓ %c%s color:#a78bfa;font-weight:bold color:#34d399;font-weight:bold color:#94a3b8 color:#64748b /packages/rpc-streams @ http://localhost:5174/src/groups.ts:56
[   41113ms] [LOG] %c🧭 Loom Guard %c docs-log %c— route allowed ✓ %c%s color:#a78bfa;font-weight:bold color:#34d399;font-weight:bold color:#94a3b8 color:#64748b /packages/rpc-streams @ http://localhost:5174/src/groups.ts:56
[   41278ms] [LOG] %c🧭 Loom Guard %c docs-log %c— route allowed ✓ %c%s color:#a78bfa;font-weight:bold color:#34d399;font-weight:bold color:#94a3b8 color:#64748b /packages/rpc-testing @ http://localhost:5174/src/groups.ts:56
[   41285ms] [LOG] %c🧭 Loom Guard %c docs-log %c— route allowed ✓ %c%s color:#a78bfa;font-weight:bold color:#34d399;font-weight:bold color:#94a3b8 color:#64748b /packages/rpc-testing @ http://localhost:5174/src/groups.ts:56
[   41449ms] [LOG] %c🧭 Loom Guard %c docs-log %c— route allowed ✓ %c%s color:#a78bfa;font-weight:bold color:#34d399;font-weight:bold color:#94a3b8 color:#64748b /packages/rpc-demo @ http://localhost:5174/src/groups.ts:56
[   41454ms] [LOG] %c🧭 Loom Guard %c docs-log %c— route allowed ✓ %c%s color:#a78bfa;font-weight:bold color:#34d399;font-weight:bold color:#94a3b8 color:#64748b /packages/rpc-demo @ http://localhost:5174/src/groups.ts:56
[   41663ms] [LOG] %c🧭 Loom Guard %c docs-log %c— route allowed ✓ %c%s color:#a78bfa;font-weight:bold color:#34d399;font-weight:bold color:#94a3b8 color:#64748b /packages/analytics-overview @ http://localhost:5174/src/groups.ts:56
[   41673ms] [LOG] %c🧭 Loom Guard %c docs-log %c— route allowed ✓ %c%s color:#a78bfa;font-weight:bold color:#34d399;font-weight:bold color:#94a3b8 color:#64748b /packages/analytics-overview @ http://localhost:5174/src/groups.ts:56
[   41834ms] [LOG] %c🧭 Loom Guard %c docs-log %c— route allowed ✓ %c%s color:#a78bfa;font-weight:bold color:#34d399;font-weight:bold color:#94a3b8 color:#64748b /packages/analytics-testing @ http://localhost:5174/src/groups.ts:56
[   41840ms] [LOG] %c🧭 Loom Guard %c docs-log %c— route allowed ✓ %c%s color:#a78bfa;font-weight:bold color:#34d399;font-weight:bold color:#94a3b8 color:#64748b /packages/analytics-testing @ http://localhost:5174/src/groups.ts:56
[   42004ms] [LOG] %c🧭 Loom Guard %c docs-log %c— route allowed ✓ %c%s color:#a78bfa;font-weight:bold color:#34d399;font-weight:bold color:#94a3b8 color:#64748b /packages/analytics-demo @ http://localhost:5174/src/groups.ts:56
[   42009ms] [LOG] %c🧭 Loom Guard %c docs-log %c— route allowed ✓ %c%s color:#a78bfa;font-weight:bold color:#34d399;font-weight:bold color:#94a3b8 color:#64748b /packages/analytics-demo @ http://localhost:5174/src/groups.ts:56
[   42190ms] [LOG] %c🧭 Loom Guard %c docs-log %c— route allowed ✓ %c%s color:#a78bfa;font-weight:bold color:#34d399;font-weight:bold color:#94a3b8 color:#64748b /packages/flags-overview @ http://localhost:5174/src/groups.ts:56
[   42197ms] [LOG] %c🧭 Loom Guard %c docs-log %c— route allowed ✓ %c%s color:#a78bfa;font-weight:bold color:#34d399;font-weight:bold color:#94a3b8 color:#64748b /packages/flags-overview @ http://localhost:5174/src/groups.ts:56
[   42360ms] [LOG] %c🧭 Loom Guard %c docs-log %c— route allowed ✓ %c%s color:#a78bfa;font-weight:bold color:#34d399;font-weight:bold color:#94a3b8 color:#64748b /packages/flags-testing @ http://localhost:5174/src/groups.ts:56
[   42366ms] [LOG] %c🧭 Loom Guard %c docs-log %c— route allowed ✓ %c%s color:#a78bfa;font-weight:bold color:#34d399;font-weight:bold color:#94a3b8 color:#64748b /packages/flags-testing @ http://localhost:5174/src/groups.ts:56
[   42531ms] [LOG] %c🧭 Loom Guard %c docs-log %c— route allowed ✓ %c%s color:#a78bfa;font-weight:bold color:#34d399;font-weight:bold color:#94a3b8 color:#64748b /packages/flags-demo @ http://localhost:5174/src/groups.ts:56
[   42536ms] [LOG] %c🧭 Loom Guard %c docs-log %c— route allowed ✓ %c%s color:#a78bfa;font-weight:bold color:#34d399;font-weight:bold color:#94a3b8 color:#64748b /packages/flags-demo @ http://localhost:5174/src/groups.ts:56
[   42702ms] [LOG] %c🧭 Loom Guard %c docs-log %c— route allowed ✓ %c%s color:#a78bfa;font-weight:bold color:#34d399;font-weight:bold color:#94a3b8 color:#64748b /packages/placeholder-overview @ http://localhost:5174/src/groups.ts:56
[   42707ms] [LOG] %c🧭 Loom Guard %c docs-log %c— route allowed ✓ %c%s color:#a78bfa;font-weight:bold color:#34d399;font-weight:bold color:#94a3b8 color:#64748b /packages/placeholder-overview @ http://localhost:5174/src/groups.ts:56
[   42872ms] [LOG] %c🧭 Loom Guard %c docs-log %c— route allowed ✓ %c%s color:#a78bfa;font-weight:bold color:#34d399;font-weight:bold color:#94a3b8 color:#64748b /packages/placeholder-testing @ http://localhost:5174/src/groups.ts:56
[   42879ms] [LOG] %c🧭 Loom Guard %c docs-log %c— route allowed ✓ %c%s color:#a78bfa;font-weight:bold color:#34d399;font-weight:bold color:#94a3b8 color:#64748b /packages/placeholder-testing @ http://localhost:5174/src/groups.ts:56
[   43043ms] [LOG] %c🧭 Loom Guard %c docs-log %c— route allowed ✓ %c%s color:#a78bfa;font-weight:bold color:#34d399;font-weight:bold color:#94a3b8 color:#64748b /packages/placeholder-demo @ http://localhost:5174/src/groups.ts:56
[   43048ms] [LOG] %c🧭 Loom Guard %c docs-log %c— route allowed ✓ %c%s color:#a78bfa;font-weight:bold color:#34d399;font-weight:bold color:#94a3b8 color:#64748b /packages/placeholder-demo @ http://localhost:5174/src/groups.ts:56
[   43214ms] [LOG] %c🧭 Loom Guard %c docs-log %c— route allowed ✓ %c%s color:#a78bfa;font-weight:bold color:#34d399;font-weight:bold color:#94a3b8 color:#64748b /packages/create-loom @ http://localhost:5174/src/groups.ts:56
[   43220ms] [LOG] %c🧭 Loom Guard %c docs-log %c— route allowed ✓ %c%s color:#a78bfa;font-weight:bold color:#34d399;font-weight:bold color:#94a3b8 color:#64748b /packages/create-loom @ http://localhost:5174/src/groups.ts:56
[   43384ms] [LOG] %c🧭 Loom Guard %c docs-log %c— route allowed ✓ %c%s color:#a78bfa;font-weight:bold color:#34d399;font-weight:bold color:#94a3b8 color:#64748b /examples/clock @ http://localhost:5174/src/groups.ts:56
[   43390ms] [LOG] %c🧭 Loom Guard %c docs-log %c— route allowed ✓ %c%s color:#a78bfa;font-weight:bold color:#34d399;font-weight:bold color:#94a3b8 color:#64748b /examples/clock @ http://localhost:5174/src/groups.ts:56
[   43555ms] [LOG] %c🧭 Loom Guard %c docs-log %c— route allowed ✓ %c%s color:#a78bfa;font-weight:bold color:#34d399;font-weight:bold color:#94a3b8 color:#64748b /examples/attributes @ http://localhost:5174/src/groups.ts:56
[   43561ms] [LOG] %c🧭 Loom Guard %c docs-log %c— route allowed ✓ %c%s color:#a78bfa;font-weight:bold color:#34d399;font-weight:bold color:#94a3b8 color:#64748b /examples/attributes @ http://localhost:5174/src/groups.ts:56
[   43725ms] [LOG] %c🧭 Loom Guard %c docs-log %c— route allowed ✓ %c%s color:#a78bfa;font-weight:bold color:#34d399;font-weight:bold color:#94a3b8 color:#64748b /examples/todo @ http://localhost:5174/src/groups.ts:56
[   43733ms] [LOG] %c🧭 Loom Guard %c docs-log %c— route allowed ✓ %c%s color:#a78bfa;font-weight:bold color:#34d399;font-weight:bold color:#94a3b8 color:#64748b /examples/todo @ http://localhost:5174/src/groups.ts:56
[   43896ms] [LOG] %c🧭 Loom Guard %c docs-log %c— route allowed ✓ %c%s color:#a78bfa;font-weight:bold color:#34d399;font-weight:bold color:#94a3b8 color:#64748b /examples/kanban @ http://localhost:5174/src/groups.ts:56
[   43901ms] [LOG] %c🧭 Loom Guard %c docs-log %c— route allowed ✓ %c%s color:#a78bfa;font-weight:bold color:#34d399;font-weight:bold color:#94a3b8 color:#64748b /examples/kanban @ http://localhost:5174/src/groups.ts:56
[   44066ms] [LOG] %c🧭 Loom Guard %c docs-log %c— route allowed ✓ %c%s color:#a78bfa;font-weight:bold color:#34d399;font-weight:bold color:#94a3b8 color:#64748b /examples/theme-switcher @ http://localhost:5174/src/groups.ts:56
[   44073ms] [LOG] %c🧭 Loom Guard %c docs-log %c— route allowed ✓ %c%s color:#a78bfa;font-weight:bold color:#34d399;font-weight:bold color:#94a3b8 color:#64748b /examples/theme-switcher @ http://localhost:5174/src/groups.ts:56
[   44237ms] [LOG] %c🧭 Loom Guard %c docs-log %c— route allowed ✓ %c%s color:#a78bfa;font-weight:bold color:#34d399;font-weight:bold color:#94a3b8 color:#64748b /examples/form @ http://localhost:5174/src/groups.ts:56
[   44242ms] [LOG] %c🧭 Loom Guard %c docs-log %c— route allowed ✓ %c%s color:#a78bfa;font-weight:bold color:#34d399;font-weight:bold color:#94a3b8 color:#64748b /examples/form @ http://localhost:5174/src/groups.ts:56
[   44407ms] [LOG] %c🧭 Loom Guard %c docs-log %c— route allowed ✓ %c%s color:#a78bfa;font-weight:bold color:#34d399;font-weight:bold color:#94a3b8 color:#64748b /examples/api @ http://localhost:5174/src/groups.ts:56
[   44413ms] [LOG] %c🧭 Loom Guard %c docs-log %c— route allowed ✓ %c%s color:#a78bfa;font-weight:bold color:#34d399;font-weight:bold color:#94a3b8 color:#64748b /examples/api @ http://localhost:5174/src/groups.ts:56
[   44578ms] [LOG] %c🧭 Loom Guard %c docs-log %c— route allowed ✓ %c%s color:#a78bfa;font-weight:bold color:#34d399;font-weight:bold color:#94a3b8 color:#64748b /examples/virtual-list-demo @ http://localhost:5174/src/groups.ts:56
[   44583ms] [LOG] %c🧭 Loom Guard %c docs-log %c— route allowed ✓ %c%s color:#a78bfa;font-weight:bold color:#34d399;font-weight:bold color:#94a3b8 color:#64748b /examples/virtual-list-demo @ http://localhost:5174/src/groups.ts:56
[   44749ms] [LOG] %c🧭 Loom Guard %c docs-log %c— route allowed ✓ %c%s color:#a78bfa;font-weight:bold color:#34d399;font-weight:bold color:#94a3b8 color:#64748b /examples/timing-demo @ http://localhost:5174/src/groups.ts:56
[   44754ms] [LOG] %c🧭 Loom Guard %c docs-log %c— route allowed ✓ %c%s color:#a78bfa;font-weight:bold color:#34d399;font-weight:bold color:#94a3b8 color:#64748b /examples/timing-demo @ http://localhost:5174/src/groups.ts:56
[   44919ms] [LOG] %c🧭 Loom Guard %c docs-log %c— route allowed ✓ %c%s color:#a78bfa;font-weight:bold color:#34d399;font-weight:bold color:#94a3b8 color:#64748b /examples/stress-test @ http://localhost:5174/src/groups.ts:56
[   44927ms] [LOG] %c🧭 Loom Guard %c docs-log %c— route allowed ✓ %c%s color:#a78bfa;font-weight:bold color:#34d399;font-weight:bold color:#94a3b8 color:#64748b /examples/stress-test @ http://localhost:5174/src/groups.ts:56
[   45096ms] [LOG] %c🧭 Loom Guard %c docs-log %c— route allowed ✓ %c%s color:#a78bfa;font-weight:bold color:#34d399;font-weight:bold color:#94a3b8 color:#64748b /examples/canvas-game @ http://localhost:5174/src/groups.ts:56
[   45102ms] [LOG] %c🧭 Loom Guard %c docs-log %c— route allowed ✓ %c%s color:#a78bfa;font-weight:bold color:#34d399;font-weight:bold color:#94a3b8 color:#64748b /examples/canvas-game @ http://localhost:5174/src/groups.ts:56
[   45270ms] [LOG] %c🧭 Loom Guard %c docs-log %c— route allowed ✓ %c%s color:#a78bfa;font-weight:bold color:#34d399;font-weight:bold color:#94a3b8 color:#64748b /examples/image-gallery @ http://localhost:5174/src/groups.ts:56
[   45277ms] [LOG] %c🧭 Loom Guard %c docs-log %c— route allowed ✓ %c%s color:#a78bfa;font-weight:bold color:#34d399;font-weight:bold color:#94a3b8 color:#64748b /examples/image-gallery @ http://localhost:5174/src/groups.ts:56
[   45441ms] [LOG] %c🧭 Loom Guard %c docs-log %c— route allowed ✓ %c%s color:#a78bfa;font-weight:bold color:#34d399;font-weight:bold color:#94a3b8 color:#64748b /examples/eventbus @ http://localhost:5174/src/groups.ts:56
[   45446ms] [LOG] %c🧭 Loom Guard %c docs-log %c— route allowed ✓ %c%s color:#a78bfa;font-weight:bold color:#34d399;font-weight:bold color:#94a3b8 color:#64748b /examples/eventbus @ http://localhost:5174/src/groups.ts:56
[  161053ms] [LOG] %c🧭 Loom Guard %c docs-log %c— route allowed ✓ %c%s color:#a78bfa;font-weight:bold color:#34d399;font-weight:bold color:#94a3b8 color:#64748b /examples/eventbus @ http://localhost:5174/src/groups.ts:56
[  191160ms] [LOG] %c🧭 Loom Guard %c docs-log %c— route allowed ✓ %c%s color:#a78bfa;font-weight:bold color:#34d399;font-weight:bold color:#94a3b8 color:#64748b /examples/eventbus @ http://localhost:5174/src/groups.ts:56
[  191644ms] [LOG] %c🧭 Loom Guard %c docs-log %c— route allowed ✓ %c%s color:#a78bfa;font-weight:bold color:#34d399;font-weight:bold color:#94a3b8 color:#64748b /examples/eventbus @ http://localhost:5174/src/groups.ts:56
[  191805ms] [LOG] %c🧭 Loom Guard %c docs-log %c— route allowed ✓ %c%s color:#a78bfa;font-weight:bold color:#34d399;font-weight:bold color:#94a3b8 color:#64748b /examples/eventbus @ http://localhost:5174/src/groups.ts:56
[  192105ms] [LOG] %c🧭 Loom Guard %c docs-log %c— route allowed ✓ %c%s color:#a78bfa;font-weight:bold color:#34d399;font-weight:bold color:#94a3b8 color:#64748b /examples/eventbus @ http://localhost:5174/src/groups.ts:56
[  192381ms] [LOG] %c🧭 Loom Guard %c docs-log %c— route allowed ✓ %c%s color:#a78bfa;font-weight:bold color:#34d399;font-weight:bold color:#94a3b8 color:#64748b /examples/eventbus @ http://localhost:5174/src/groups.ts:56
